Usage:
    kouhai [--interval n] [--stop] <cmd>
    kouhai  --help
    kouhai  --version
