main.go:53: sh: fake-exe-path: command not found

