main.go:53: bash: fake-exe-path: command not found

